created graph simpleGraph

added node A to simpleGraph
added node B to simpleGraph
added node C to simpleGraph

added edge 2.746 from A to B in simpleGraph
added edge 5.684 from B to C in simpleGraph
added edge 9.725 from A to C in simpleGraph

path from A to C:
A to B with weight 2.746
B to C with weight 5.684
total cost: 8.430