created graph simpleGraph

added node A to simpleGraph
added node B to simpleGraph
added node C to simpleGraph
added node D to simpleGraph
added node E to simpleGraph
added node F to simpleGraph
added node G to simpleGraph
added node H to simpleGraph

added edge 2.000 from A to B in simpleGraph
added edge 1.000 from A to C in simpleGraph
added edge 4.000 from A to D in simpleGraph
added edge 5.000 from B to C in simpleGraph
added edge 10.000 from B to E in simpleGraph
added edge 2.000 from B to F in simpleGraph
added edge 9.000 from C to A in simpleGraph
added edge 11.000 from C to E in simpleGraph
added edge 2.000 from D to C in simpleGraph
added edge 7.000 from E to D in simpleGraph
added edge 1.000 from E to G in simpleGraph
added edge 3.000 from F to H in simpleGraph
added edge 3.000 from G to E in simpleGraph
added edge 2.000 from G to F in simpleGraph
added edge 1.000 from H to G in simpleGraph

path from A to B:
A to B with weight 2.000
total cost: 2.000

path from A to C:
A to C with weight 1.000
total cost: 1.000

path from A to D:
A to D with weight 4.000
total cost: 4.000

path from A to E:
A to B with weight 2.000
B to F with weight 2.000
F to H with weight 3.000
H to G with weight 1.000
G to E with weight 3.000
total cost: 11.000

path from A to F:
A to B with weight 2.000
B to F with weight 2.000
total cost: 4.000

path from A to G:
A to B with weight 2.000
B to F with weight 2.000
F to H with weight 3.000
H to G with weight 1.000
total cost: 8.000

path from A to H:
A to B with weight 2.000
B to F with weight 2.000
F to H with weight 3.000
total cost: 7.000